// Jest Snapshot v1, https://goo.gl/fbAQLP

exports[`FilmDetails renders correctly 1`] = `
ShallowWrapper {
  "length": 1,
  Symbol(enzyme.__root__): [Circular],
  Symbol(enzyme.__unrendered__): <FilmDetails
    details={
      Object {
        "genres": Array [
          "Thriller",
          "Crime",
        ],
        "overview": "Lorem ipsum dolor sit amet.",
        "poster_path": "/img1234_0987",
        "release_date": "1999",
        "runtime": "154",
        "title": "Pulp Fiction",
        "vote_average": "8.3",
      }
    }
    getFilmDetails={[Function]}
    getSimilarFilms={[Function]}
    match={
      Object {
        "params": Object {
          "id": "680",
        },
      }
    }
  />,
  Symbol(enzyme.__renderer__): Object {
    "batchedUpdates": [Function],
    "getNode": [Function],
    "render": [Function],
    "simulateEvent": [Function],
    "unmount": [Function],
  },
  Symbol(enzyme.__node__): Object {
    "instance": null,
    "key": null,
    "nodeType": "host",
    "props": Object {
      "children": <div
        id="film-details"
      >
        <div
          className="poster"
        >
          <img
            alt="poster"
            src="https://image.tmdb.org/t/p/w640/img1234_0987"
          />
        </div>
        <div
          className="info"
        >
          <h2>
            <span
              className="title text-primary"
            >
              Pulp Fiction
            </span>
            <span
              className="rating"
            >
              8.3
            </span>
          </h2>
          <p
            className="genre text-basic"
          >
            Thriller
            Crime
          </p>
          <p
            className="numbers"
          >
            <span
              className="release-year"
            >
              1999
            </span>
            <span
              className="duration"
            >
              154
            </span>
          </p>
          <p
            className="description text-basic"
          >
            Lorem ipsum dolor sit amet.
          </p>
        </div>
      </div>,
    },
    "ref": null,
    "rendered": Object {
      "instance": null,
      "key": null,
      "nodeType": "host",
      "props": Object {
        "children": Array [
          <div
            className="poster"
          >
            <img
              alt="poster"
              src="https://image.tmdb.org/t/p/w640/img1234_0987"
            />
          </div>,
          <div
            className="info"
          >
            <h2>
              <span
                className="title text-primary"
              >
                Pulp Fiction
              </span>
              <span
                className="rating"
              >
                8.3
              </span>
            </h2>
            <p
              className="genre text-basic"
            >
              Thriller
              Crime
            </p>
            <p
              className="numbers"
            >
              <span
                className="release-year"
              >
                1999
              </span>
              <span
                className="duration"
              >
                154
              </span>
            </p>
            <p
              className="description text-basic"
            >
              Lorem ipsum dolor sit amet.
            </p>
          </div>,
        ],
        "id": "film-details",
      },
      "ref": null,
      "rendered": Array [
        Object {
          "instance": null,
          "key": null,
          "nodeType": "host",
          "props": Object {
            "children": <img
              alt="poster"
              src="https://image.tmdb.org/t/p/w640/img1234_0987"
            />,
            "className": "poster",
          },
          "ref": null,
          "rendered": Object {
            "instance": null,
            "key": null,
            "nodeType": "host",
            "props": Object {
              "alt": "poster",
              "src": "https://image.tmdb.org/t/p/w640/img1234_0987",
            },
            "ref": null,
            "rendered": null,
            "type": "img",
          },
          "type": "div",
        },
        Object {
          "instance": null,
          "key": null,
          "nodeType": "host",
          "props": Object {
            "children": Array [
              <h2>
                <span
                  className="title text-primary"
                >
                  Pulp Fiction
                </span>
                <span
                  className="rating"
                >
                  8.3
                </span>
              </h2>,
              <p
                className="genre text-basic"
              >
                Thriller
                Crime
              </p>,
              <p
                className="numbers"
              >
                <span
                  className="release-year"
                >
                  1999
                </span>
                <span
                  className="duration"
                >
                  154
                </span>
              </p>,
              <p
                className="description text-basic"
              >
                Lorem ipsum dolor sit amet.
              </p>,
            ],
            "className": "info",
          },
          "ref": null,
          "rendered": Array [
            Object {
              "instance": null,
              "key": null,
              "nodeType": "host",
              "props": Object {
                "children": Array [
                  <span
                    className="title text-primary"
                  >
                    Pulp Fiction
                  </span>,
                  <span
                    className="rating"
                  >
                    8.3
                  </span>,
                ],
              },
              "ref": null,
              "rendered": Array [
                Object {
                  "instance": null,
                  "key": null,
                  "nodeType": "host",
                  "props": Object {
                    "children": "Pulp Fiction",
                    "className": "title text-primary",
                  },
                  "ref": null,
                  "rendered": "Pulp Fiction",
                  "type": "span",
                },
                Object {
                  "instance": null,
                  "key": null,
                  "nodeType": "host",
                  "props": Object {
                    "children": "8.3",
                    "className": "rating",
                  },
                  "ref": null,
                  "rendered": "8.3",
                  "type": "span",
                },
              ],
              "type": "h2",
            },
            Object {
              "instance": null,
              "key": null,
              "nodeType": "host",
              "props": Object {
                "children": Array [
                  "Thriller",
                  "Crime",
                ],
                "className": "genre text-basic",
              },
              "ref": null,
              "rendered": Array [
                "Thriller",
                "Crime",
              ],
              "type": "p",
            },
            Object {
              "instance": null,
              "key": null,
              "nodeType": "host",
              "props": Object {
                "children": Array [
                  <span
                    className="release-year"
                  >
                    1999
                  </span>,
                  <span
                    className="duration"
                  >
                    154
                  </span>,
                ],
                "className": "numbers",
              },
              "ref": null,
              "rendered": Array [
                Object {
                  "instance": null,
                  "key": null,
                  "nodeType": "host",
                  "props": Object {
                    "children": "1999",
                    "className": "release-year",
                  },
                  "ref": null,
                  "rendered": "1999",
                  "type": "span",
                },
                Object {
                  "instance": null,
                  "key": null,
                  "nodeType": "host",
                  "props": Object {
                    "children": "154",
                    "className": "duration",
                  },
                  "ref": null,
                  "rendered": "154",
                  "type": "span",
                },
              ],
              "type": "p",
            },
            Object {
              "instance": null,
              "key": null,
              "nodeType": "host",
              "props": Object {
                "children": "Lorem ipsum dolor sit amet.",
                "className": "description text-basic",
              },
              "ref": null,
              "rendered": "Lorem ipsum dolor sit amet.",
              "type": "p",
            },
          ],
          "type": "div",
        },
      ],
      "type": "div",
    },
    "type": "div",
  },
  Symbol(enzyme.__nodes__): Array [
    Object {
      "instance": null,
      "key": null,
      "nodeType": "host",
      "props": Object {
        "children": <div
          id="film-details"
        >
          <div
            className="poster"
          >
            <img
              alt="poster"
              src="https://image.tmdb.org/t/p/w640/img1234_0987"
            />
          </div>
          <div
            className="info"
          >
            <h2>
              <span
                className="title text-primary"
              >
                Pulp Fiction
              </span>
              <span
                className="rating"
              >
                8.3
              </span>
            </h2>
            <p
              className="genre text-basic"
            >
              Thriller
              Crime
            </p>
            <p
              className="numbers"
            >
              <span
                className="release-year"
              >
                1999
              </span>
              <span
                className="duration"
              >
                154
              </span>
            </p>
            <p
              className="description text-basic"
            >
              Lorem ipsum dolor sit amet.
            </p>
          </div>
        </div>,
      },
      "ref": null,
      "rendered": Object {
        "instance": null,
        "key": null,
        "nodeType": "host",
        "props": Object {
          "children": Array [
            <div
              className="poster"
            >
              <img
                alt="poster"
                src="https://image.tmdb.org/t/p/w640/img1234_0987"
              />
            </div>,
            <div
              className="info"
            >
              <h2>
                <span
                  className="title text-primary"
                >
                  Pulp Fiction
                </span>
                <span
                  className="rating"
                >
                  8.3
                </span>
              </h2>
              <p
                className="genre text-basic"
              >
                Thriller
                Crime
              </p>
              <p
                className="numbers"
              >
                <span
                  className="release-year"
                >
                  1999
                </span>
                <span
                  className="duration"
                >
                  154
                </span>
              </p>
              <p
                className="description text-basic"
              >
                Lorem ipsum dolor sit amet.
              </p>
            </div>,
          ],
          "id": "film-details",
        },
        "ref": null,
        "rendered": Array [
          Object {
            "instance": null,
            "key": null,
            "nodeType": "host",
            "props": Object {
              "children": <img
                alt="poster"
                src="https://image.tmdb.org/t/p/w640/img1234_0987"
              />,
              "className": "poster",
            },
            "ref": null,
            "rendered": Object {
              "instance": null,
              "key": null,
              "nodeType": "host",
              "props": Object {
                "alt": "poster",
                "src": "https://image.tmdb.org/t/p/w640/img1234_0987",
              },
              "ref": null,
              "rendered": null,
              "type": "img",
            },
            "type": "div",
          },
          Object {
            "instance": null,
            "key": null,
            "nodeType": "host",
            "props": Object {
              "children": Array [
                <h2>
                  <span
                    className="title text-primary"
                  >
                    Pulp Fiction
                  </span>
                  <span
                    className="rating"
                  >
                    8.3
                  </span>
                </h2>,
                <p
                  className="genre text-basic"
                >
                  Thriller
                  Crime
                </p>,
                <p
                  className="numbers"
                >
                  <span
                    className="release-year"
                  >
                    1999
                  </span>
                  <span
                    className="duration"
                  >
                    154
                  </span>
                </p>,
                <p
                  className="description text-basic"
                >
                  Lorem ipsum dolor sit amet.
                </p>,
              ],
              "className": "info",
            },
            "ref": null,
            "rendered": Array [
              Object {
                "instance": null,
                "key": null,
                "nodeType": "host",
                "props": Object {
                  "children": Array [
                    <span
                      className="title text-primary"
                    >
                      Pulp Fiction
                    </span>,
                    <span
                      className="rating"
                    >
                      8.3
                    </span>,
                  ],
                },
                "ref": null,
                "rendered": Array [
                  Object {
                    "instance": null,
                    "key": null,
                    "nodeType": "host",
                    "props": Object {
                      "children": "Pulp Fiction",
                      "className": "title text-primary",
                    },
                    "ref": null,
                    "rendered": "Pulp Fiction",
                    "type": "span",
                  },
                  Object {
                    "instance": null,
                    "key": null,
                    "nodeType": "host",
                    "props": Object {
                      "children": "8.3",
                      "className": "rating",
                    },
                    "ref": null,
                    "rendered": "8.3",
                    "type": "span",
                  },
                ],
                "type": "h2",
              },
              Object {
                "instance": null,
                "key": null,
                "nodeType": "host",
                "props": Object {
                  "children": Array [
                    "Thriller",
                    "Crime",
                  ],
                  "className": "genre text-basic",
                },
                "ref": null,
                "rendered": Array [
                  "Thriller",
                  "Crime",
                ],
                "type": "p",
              },
              Object {
                "instance": null,
                "key": null,
                "nodeType": "host",
                "props": Object {
                  "children": Array [
                    <span
                      className="release-year"
                    >
                      1999
                    </span>,
                    <span
                      className="duration"
                    >
                      154
                    </span>,
                  ],
                  "className": "numbers",
                },
                "ref": null,
                "rendered": Array [
                  Object {
                    "instance": null,
                    "key": null,
                    "nodeType": "host",
                    "props": Object {
                      "children": "1999",
                      "className": "release-year",
                    },
                    "ref": null,
                    "rendered": "1999",
                    "type": "span",
                  },
                  Object {
                    "instance": null,
                    "key": null,
                    "nodeType": "host",
                    "props": Object {
                      "children": "154",
                      "className": "duration",
                    },
                    "ref": null,
                    "rendered": "154",
                    "type": "span",
                  },
                ],
                "type": "p",
              },
              Object {
                "instance": null,
                "key": null,
                "nodeType": "host",
                "props": Object {
                  "children": "Lorem ipsum dolor sit amet.",
                  "className": "description text-basic",
                },
                "ref": null,
                "rendered": "Lorem ipsum dolor sit amet.",
                "type": "p",
              },
            ],
            "type": "div",
          },
        ],
        "type": "div",
      },
      "type": "div",
    },
  ],
  Symbol(enzyme.__options__): Object {
    "adapter": ReactSixteenAdapter {
      "options": Object {
        "enableComponentDidUpdateOnSetState": true,
      },
    },
  },
}
`;
